[+] Containers:
 |- [+] Container: /Game/saves/level_Blockout
 |   |- [+] ActorDescs:
 |   |   |- Guid:05D4328D428C166D05C0AE928977DD17 NativeClass:/Script/Landscape.LandscapeStreamingProxy Name:LandscapeStreamingProxy_46R9UO545JJ5QR5QG6H4PBNUS_126_3_0_0 Label:LandscapeStreamingProxy_3_0_0 SpatiallyLoaded:true EditorBounds:IsValid=true, Min=(X=12600.000 Y=-25200.000 Z=-100.000), Max=(X=25200.000 Y=-12600.000 Z=100.000) RuntimeBounds:IsValid=true, Min=(X=12600.000 Y=-25200.000 Z=-100.000), Max=(X=25200.000 Y=-12600.000 Z=100.000) RuntimeGrid:None EditorOnly:false RuntimeOnly:false HLODRelevant:true ListedInSceneOutliner:true IsMainWorldOnly:false
 |   |   |- Guid:1FC95E9D4A7CD2624A79FFAFB71B4D27 NativeClass:/Script/Landscape.LandscapeStreamingProxy Name:LandscapeStreamingProxy_46R9UO545JJ5QR5QG6H4PBNUS_126_0_3_0 Label:LandscapeStreamingProxy_0_3_0 SpatiallyLoaded:true EditorBounds:IsValid=true, Min=(X=-25200.000 Y=12600.000 Z=-100.000), Max=(X=-12600.000 Y=25200.000 Z=100.000) RuntimeBounds:IsValid=true, Min=(X=-25200.000 Y=12600.000 Z=-100.000), Max=(X=-12600.000 Y=25200.000 Z=100.000) RuntimeGrid:None EditorOnly:false RuntimeOnly:false HLODRelevant:true ListedInSceneOutliner:true IsMainWorldOnly:false
 |   |   |- Guid:2F3B8DCA4CF3681BF86FB5995885CFB4 NativeClass:/Script/Landscape.LandscapeStreamingProxy Name:LandscapeStreamingProxy_46R9UO545JJ5QR5QG6H4PBNUS_126_1_1_0 Label:LandscapeStreamingProxy_1_1_0 SpatiallyLoaded:true EditorBounds:IsValid=true, Min=(X=-12600.000 Y=-12600.000 Z=-100.000), Max=(X=0.000 Y=0.000 Z=100.000) RuntimeBounds:IsValid=true, Min=(X=-12600.000 Y=-12600.000 Z=-100.000), Max=(X=0.000 Y=0.000 Z=100.000) RuntimeGrid:None EditorOnly:false RuntimeOnly:false HLODRelevant:true ListedInSceneOutliner:true IsMainWorldOnly:false
 |   |   |- Guid:3037186D4B12F7B05083B8B9852AA5FB NativeClass:/Script/Engine.StaticMeshActor Name:StaticMeshActor_UAID_74D4DD6361FCF2FD02_1611989262 Label:blockout_01 SpatiallyLoaded:true EditorBounds:IsValid=true, Min=(X=-632.369 Y=-942.369 Z=4.781), Max=(X=3652.369 Y=4526.601 Z=672.055) RuntimeBounds:IsValid=true, Min=(X=-632.369 Y=-942.369 Z=4.781), Max=(X=3652.369 Y=4526.601 Z=672.055) RuntimeGrid:None EditorOnly:false RuntimeOnly:false HLODRelevant:true ListedInSceneOutliner:true IsMainWorldOnly:false
 |   |   |- Guid:423FFE74438CAB93E25B1C9AF46E379D NativeClass:/Script/Landscape.LandscapeStreamingProxy Name:LandscapeStreamingProxy_46R9UO545JJ5QR5QG6H4PBNUS_126_3_1_0 Label:LandscapeStreamingProxy_3_1_0 SpatiallyLoaded:true EditorBounds:IsValid=true, Min=(X=12600.000 Y=-12600.000 Z=-100.000), Max=(X=25200.000 Y=0.000 Z=100.000) RuntimeBounds:IsValid=true, Min=(X=12600.000 Y=-12600.000 Z=-100.000), Max=(X=25200.000 Y=0.000 Z=100.000) RuntimeGrid:None EditorOnly:false RuntimeOnly:false HLODRelevant:true ListedInSceneOutliner:true IsMainWorldOnly:false
 |   |   |- Guid:4600E7954EB04F3C8909FBB13056CA3D NativeClass:/Script/Engine.VolumetricCloud Name:VolumetricCloud_UAID_74D4DD6361FCEEFD02_1292789555 Label:VolumetricCloud SpatiallyLoaded:false EditorBounds:IsValid=true, Min=(X=-128.000 Y=-128.000 Z=-128.000), Max=(X=128.000 Y=128.000 Z=128.000) RuntimeBounds:IsValid=true, Min=(X=0.000 Y=0.000 Z=0.000), Max=(X=0.000 Y=0.000 Z=0.000) RuntimeGrid:None EditorOnly:false RuntimeOnly:false HLODRelevant:false ListedInSceneOutliner:true IsMainWorldOnly:false
 |   |   |- Guid:46EF7C05412F5BF026A8F6878D785B87 NativeClass:/Script/Engine.SkyLight Name:SkyLight_UAID_74D4DD6361FCEEFD02_1292050552 Label:SkyLight SpatiallyLoaded:false EditorBounds:IsValid=true, Min=(X=-1.000 Y=-1.000 Z=-1.000), Max=(X=1.000 Y=1.000 Z=1.000) RuntimeBounds:IsValid=true, Min=(X=0.000 Y=0.000 Z=0.000), Max=(X=0.000 Y=0.000 Z=0.000) RuntimeGrid:None EditorOnly:false RuntimeOnly:false HLODRelevant:false ListedInSceneOutliner:true IsMainWorldOnly:false
 |   |   |- Guid:4F682E9A462244E000A1369598806C9F NativeClass:/Script/Landscape.LandscapeStreamingProxy Name:LandscapeStreamingProxy_46R9UO545JJ5QR5QG6H4PBNUS_126_2_0_0 Label:LandscapeStreamingProxy_2_0_0 SpatiallyLoaded:true EditorBounds:IsValid=true, Min=(X=0.000 Y=-25200.000 Z=-100.000), Max=(X=12600.000 Y=-12600.000 Z=100.000) RuntimeBounds:IsValid=true, Min=(X=0.000 Y=-25200.000 Z=-100.000), Max=(X=12600.000 Y=-12600.000 Z=100.000) RuntimeGrid:None EditorOnly:false RuntimeOnly:false HLODRelevant:true ListedInSceneOutliner:true IsMainWorldOnly:false
 |   |   |- Guid:5A295D99473C71F67FE5DE97683A6E19 NativeClass:/Script/Landscape.LandscapeStreamingProxy Name:LandscapeStreamingProxy_46R9UO545JJ5QR5QG6H4PBNUS_126_0_1_0 Label:LandscapeStreamingProxy_0_1_0 SpatiallyLoaded:true EditorBounds:IsValid=true, Min=(X=-25200.000 Y=-12600.000 Z=-100.000), Max=(X=-12600.000 Y=0.000 Z=100.000) RuntimeBounds:IsValid=true, Min=(X=-25200.000 Y=-12600.000 Z=-100.000), Max=(X=-12600.000 Y=0.000 Z=100.000) RuntimeGrid:None EditorOnly:false RuntimeOnly:false HLODRelevant:true ListedInSceneOutliner:true IsMainWorldOnly:false
 |   |   |- Guid:603061374E4FFBF3FCF9D9B72803083F NativeClass:/Script/Landscape.LandscapeStreamingProxy Name:LandscapeStreamingProxy_46R9UO545JJ5QR5QG6H4PBNUS_126_1_2_0 Label:LandscapeStreamingProxy_1_2_0 SpatiallyLoaded:true EditorBounds:IsValid=true, Min=(X=-12600.000 Y=0.000 Z=-100.000), Max=(X=0.000 Y=12600.000 Z=100.000) RuntimeBounds:IsValid=true, Min=(X=-12600.000 Y=0.000 Z=-100.000), Max=(X=0.000 Y=12600.000 Z=100.000) RuntimeGrid:None EditorOnly:false RuntimeOnly:false HLODRelevant:true ListedInSceneOutliner:true IsMainWorldOnly:false
 |   |   |- Guid:632115FD484EC0452C1CBAA150FB8566 NativeClass:/Script/Landscape.LandscapeStreamingProxy Name:LandscapeStreamingProxy_46R9UO545JJ5QR5QG6H4PBNUS_126_0_0_0 Label:LandscapeStreamingProxy_0_0_0 SpatiallyLoaded:true EditorBounds:IsValid=true, Min=(X=-25200.000 Y=-25200.000 Z=-100.000), Max=(X=-12600.000 Y=-12600.000 Z=100.000) RuntimeBounds:IsValid=true, Min=(X=-25200.000 Y=-25200.000 Z=-100.000), Max=(X=-12600.000 Y=-12600.000 Z=100.000) RuntimeGrid:None EditorOnly:false RuntimeOnly:false HLODRelevant:true ListedInSceneOutliner:true IsMainWorldOnly:false
 |   |   |- Guid:6AEA6A064290A3C51E5CF0B48EC750B9 NativeClass:/Script/Engine.WorldDataLayers Name:WorldDataLayers Label:WorldDataLayers SpatiallyLoaded:false EditorBounds:IsValid=false, Min=(X=0.000 Y=0.000 Z=0.000), Max=(X=0.000 Y=0.000 Z=0.000) RuntimeBounds:IsValid=false, Min=(X=0.000 Y=0.000 Z=0.000), Max=(X=0.000 Y=0.000 Z=0.000) RuntimeGrid:None EditorOnly:false RuntimeOnly:false HLODRelevant:false ListedInSceneOutliner:true IsMainWorldOnly:true
 |   |   |- Guid:8055C2F847CD13B5A3B37BBFD44D1150 NativeClass:/Script/Landscape.LandscapeStreamingProxy Name:LandscapeStreamingProxy_46R9UO545JJ5QR5QG6H4PBNUS_126_3_3_0 Label:LandscapeStreamingProxy_3_3_0 SpatiallyLoaded:true EditorBounds:IsValid=true, Min=(X=12600.000 Y=12600.000 Z=-100.000), Max=(X=25200.000 Y=25200.000 Z=100.000) RuntimeBounds:IsValid=true, Min=(X=12600.000 Y=12600.000 Z=-100.000), Max=(X=25200.000 Y=25200.000 Z=100.000) RuntimeGrid:None EditorOnly:false RuntimeOnly:false HLODRelevant:true ListedInSceneOutliner:true IsMainWorldOnly:false
 |   |   |- Guid:849BD7A9492279DC4BE3C6853A57CB03 NativeClass:/Script/Engine.SkyAtmosphere Name:SkyAtmosphere_UAID_74D4DD6361FCEEFD02_1292621554 Label:SkyAtmosphere SpatiallyLoaded:false EditorBounds:IsValid=true, Min=(X=-128.000 Y=-128.000 Z=-128.000), Max=(X=240.000 Y=128.000 Z=128.000) RuntimeBounds:IsValid=true, Min=(X=0.000 Y=0.000 Z=0.000), Max=(X=0.000 Y=0.000 Z=0.000) RuntimeGrid:None EditorOnly:false RuntimeOnly:false HLODRelevant:false ListedInSceneOutliner:true IsMainWorldOnly:false
 |   |   |- Guid:870E883A4D2445FA5A2880B800111DFF NativeClass:/Script/Engine.ExponentialHeightFog Name:ExponentialHeightFog_UAID_74D4DD6361FCEEFD02_1292969556 Label:ExponentialHeightFog SpatiallyLoaded:false EditorBounds:IsValid=true, Min=(X=-128.000 Y=-128.000 Z=-128.000), Max=(X=128.000 Y=128.000 Z=128.000) RuntimeBounds:IsValid=true, Min=(X=0.000 Y=0.000 Z=0.000), Max=(X=0.000 Y=0.000 Z=0.000) RuntimeGrid:None EditorOnly:false RuntimeOnly:false HLODRelevant:false ListedInSceneOutliner:true IsMainWorldOnly:false
 |   |   |- Guid:AFCB1A8249413A701546BFA1643DB682 NativeClass:/Script/Landscape.Landscape Name:Landscape_UAID_74D4DD6361FCEEFD02_1338313557 Label:Landscape SpatiallyLoaded:false EditorBounds:IsValid=true, Min=(X=-25200.000 Y=-25200.000 Z=0.000), Max=(X=-25200.000 Y=-25200.000 Z=0.000) RuntimeBounds:IsValid=true, Min=(X=-25200.000 Y=-25200.000 Z=0.000), Max=(X=-25200.000 Y=-25200.000 Z=0.000) RuntimeGrid:None EditorOnly:false RuntimeOnly:false HLODRelevant:false ListedInSceneOutliner:true IsMainWorldOnly:false
 |   |   |- Guid:C6A1ECF64A716B76468EA9AF066A3FAE NativeClass:/Script/Landscape.LandscapeStreamingProxy Name:LandscapeStreamingProxy_46R9UO545JJ5QR5QG6H4PBNUS_126_2_2_0 Label:LandscapeStreamingProxy_2_2_0 SpatiallyLoaded:true EditorBounds:IsValid=true, Min=(X=0.000 Y=0.000 Z=-100.000), Max=(X=12600.000 Y=12600.000 Z=100.000) RuntimeBounds:IsValid=true, Min=(X=0.000 Y=0.000 Z=-100.000), Max=(X=12600.000 Y=12600.000 Z=100.000) RuntimeGrid:None EditorOnly:false RuntimeOnly:false HLODRelevant:true ListedInSceneOutliner:true IsMainWorldOnly:false
 |   |   |- Guid:C775FDE041CB06BEABCDA3AC7F6B2C01 NativeClass:/Script/Landscape.LandscapeStreamingProxy Name:LandscapeStreamingProxy_46R9UO545JJ5QR5QG6H4PBNUS_126_2_3_0 Label:LandscapeStreamingProxy_2_3_0 SpatiallyLoaded:true EditorBounds:IsValid=true, Min=(X=0.000 Y=12600.000 Z=-100.000), Max=(X=12600.000 Y=25200.000 Z=100.000) RuntimeBounds:IsValid=true, Min=(X=0.000 Y=12600.000 Z=-100.000), Max=(X=12600.000 Y=25200.000 Z=100.000) RuntimeGrid:None EditorOnly:false RuntimeOnly:false HLODRelevant:true ListedInSceneOutliner:true IsMainWorldOnly:false
 |   |   |- Guid:D92C9CC84681256DADEC67A8E7D3E9CC NativeClass:/Script/Landscape.LandscapeStreamingProxy Name:LandscapeStreamingProxy_46R9UO545JJ5QR5QG6H4PBNUS_126_3_2_0 Label:LandscapeStreamingProxy_3_2_0 SpatiallyLoaded:true EditorBounds:IsValid=true, Min=(X=12600.000 Y=0.000 Z=-100.000), Max=(X=25200.000 Y=12600.000 Z=100.000) RuntimeBounds:IsValid=true, Min=(X=12600.000 Y=0.000 Z=-100.000), Max=(X=25200.000 Y=12600.000 Z=100.000) RuntimeGrid:None EditorOnly:false RuntimeOnly:false HLODRelevant:true ListedInSceneOutliner:true IsMainWorldOnly:false
 |   |   |- Guid:DF7272764350C4300BAD669C3EA50776 NativeClass:/Script/Landscape.LandscapeStreamingProxy Name:LandscapeStreamingProxy_46R9UO545JJ5QR5QG6H4PBNUS_126_1_3_0 Label:LandscapeStreamingProxy_1_3_0 SpatiallyLoaded:true EditorBounds:IsValid=true, Min=(X=-12600.000 Y=12600.000 Z=-100.000), Max=(X=0.000 Y=25200.000 Z=100.000) RuntimeBounds:IsValid=true, Min=(X=-12600.000 Y=12600.000 Z=-100.000), Max=(X=0.000 Y=25200.000 Z=100.000) RuntimeGrid:None EditorOnly:false RuntimeOnly:false HLODRelevant:true ListedInSceneOutliner:true IsMainWorldOnly:false
 |   |   |- Guid:DFB965044FC7E7915F7B85B357D1C596 NativeClass:/Script/Landscape.LandscapeStreamingProxy Name:LandscapeStreamingProxy_46R9UO545JJ5QR5QG6H4PBNUS_126_0_2_0 Label:LandscapeStreamingProxy_0_2_0 SpatiallyLoaded:true EditorBounds:IsValid=true, Min=(X=-25200.000 Y=0.000 Z=-100.000), Max=(X=-12600.000 Y=12600.000 Z=100.000) RuntimeBounds:IsValid=true, Min=(X=-25200.000 Y=0.000 Z=-100.000), Max=(X=-12600.000 Y=12600.000 Z=100.000) RuntimeGrid:None EditorOnly:false RuntimeOnly:false HLODRelevant:true ListedInSceneOutliner:true IsMainWorldOnly:false
 |   |   |- Guid:E11F4A414FAEACCA37A36791B4694BD6 NativeClass:/Script/Landscape.LandscapeStreamingProxy Name:LandscapeStreamingProxy_46R9UO545JJ5QR5QG6H4PBNUS_126_1_0_0 Label:LandscapeStreamingProxy_1_0_0 SpatiallyLoaded:true EditorBounds:IsValid=true, Min=(X=-12600.000 Y=-25200.000 Z=-100.000), Max=(X=0.000 Y=-12600.000 Z=100.000) RuntimeBounds:IsValid=true, Min=(X=-12600.000 Y=-25200.000 Z=-100.000), Max=(X=0.000 Y=-12600.000 Z=100.000) RuntimeGrid:None EditorOnly:false RuntimeOnly:false HLODRelevant:true ListedInSceneOutliner:true IsMainWorldOnly:false
 |   |   |- Guid:E360260D495BD629F5EC318C637AC1A8 NativeClass:/Script/Engine.DirectionalLight Name:DirectionalLight_UAID_74D4DD6361FCEEFD02_1292301553 Label:DirectionalLight SpatiallyLoaded:false EditorBounds:IsValid=false, Min=(X=0.000 Y=0.000 Z=0.000), Max=(X=0.000 Y=0.000 Z=0.000) RuntimeBounds:IsValid=false, Min=(X=0.000 Y=0.000 Z=0.000), Max=(X=0.000 Y=0.000 Z=0.000) RuntimeGrid:None EditorOnly:false RuntimeOnly:false HLODRelevant:false ListedInSceneOutliner:true IsMainWorldOnly:false
 |   |   |- Guid:F2D2AC4840369C943D17DA84E71D047A NativeClass:/Script/Landscape.LandscapeStreamingProxy Name:LandscapeStreamingProxy_46R9UO545JJ5QR5QG6H4PBNUS_126_2_1_0 Label:LandscapeStreamingProxy_2_1_0 SpatiallyLoaded:true EditorBounds:IsValid=true, Min=(X=0.000 Y=-12600.000 Z=-100.000), Max=(X=12600.000 Y=0.000 Z=100.000) RuntimeBounds:IsValid=true, Min=(X=0.000 Y=-12600.000 Z=-100.000), Max=(X=12600.000 Y=0.000 Z=100.000) RuntimeGrid:None EditorOnly:false RuntimeOnly:false HLODRelevant:true ListedInSceneOutliner:true IsMainWorldOnly:false
 |   |- [+] Clusters:
 |   |   |- [+] [  0]
 |   |   |   |- Guid:05D4328D428C166D05C0AE928977DD17 NativeClass:/Script/Landscape.LandscapeStreamingProxy Name:LandscapeStreamingProxy_46R9UO545JJ5QR5QG6H4PBNUS_126_3_0_0 Label:LandscapeStreamingProxy_3_0_0 SpatiallyLoaded:true EditorBounds:IsValid=true, Min=(X=12600.000 Y=-25200.000 Z=-100.000), Max=(X=25200.000 Y=-12600.000 Z=100.000) RuntimeBounds:IsValid=true, Min=(X=12600.000 Y=-25200.000 Z=-100.000), Max=(X=25200.000 Y=-12600.000 Z=100.000) RuntimeGrid:None EditorOnly:false RuntimeOnly:false HLODRelevant:true ListedInSceneOutliner:true IsMainWorldOnly:false
 |   |   |- [+] [  1]
 |   |   |   |- Guid:1FC95E9D4A7CD2624A79FFAFB71B4D27 NativeClass:/Script/Landscape.LandscapeStreamingProxy Name:LandscapeStreamingProxy_46R9UO545JJ5QR5QG6H4PBNUS_126_0_3_0 Label:LandscapeStreamingProxy_0_3_0 SpatiallyLoaded:true EditorBounds:IsValid=true, Min=(X=-25200.000 Y=12600.000 Z=-100.000), Max=(X=-12600.000 Y=25200.000 Z=100.000) RuntimeBounds:IsValid=true, Min=(X=-25200.000 Y=12600.000 Z=-100.000), Max=(X=-12600.000 Y=25200.000 Z=100.000) RuntimeGrid:None EditorOnly:false RuntimeOnly:false HLODRelevant:true ListedInSceneOutliner:true IsMainWorldOnly:false
 |   |   |- [+] [  2]
 |   |   |   |- Guid:2F3B8DCA4CF3681BF86FB5995885CFB4 NativeClass:/Script/Landscape.LandscapeStreamingProxy Name:LandscapeStreamingProxy_46R9UO545JJ5QR5QG6H4PBNUS_126_1_1_0 Label:LandscapeStreamingProxy_1_1_0 SpatiallyLoaded:true EditorBounds:IsValid=true, Min=(X=-12600.000 Y=-12600.000 Z=-100.000), Max=(X=0.000 Y=0.000 Z=100.000) RuntimeBounds:IsValid=true, Min=(X=-12600.000 Y=-12600.000 Z=-100.000), Max=(X=0.000 Y=0.000 Z=100.000) RuntimeGrid:None EditorOnly:false RuntimeOnly:false HLODRelevant:true ListedInSceneOutliner:true IsMainWorldOnly:false
 |   |   |- [+] [  3]
 |   |   |   |- Guid:3037186D4B12F7B05083B8B9852AA5FB NativeClass:/Script/Engine.StaticMeshActor Name:StaticMeshActor_UAID_74D4DD6361FCF2FD02_1611989262 Label:blockout_01 SpatiallyLoaded:true EditorBounds:IsValid=true, Min=(X=-632.369 Y=-942.369 Z=4.781), Max=(X=3652.369 Y=4526.601 Z=672.055) RuntimeBounds:IsValid=true, Min=(X=-632.369 Y=-942.369 Z=4.781), Max=(X=3652.369 Y=4526.601 Z=672.055) RuntimeGrid:None EditorOnly:false RuntimeOnly:false HLODRelevant:true ListedInSceneOutliner:true IsMainWorldOnly:false
 |   |   |- [+] [  4]
 |   |   |   |- Guid:423FFE74438CAB93E25B1C9AF46E379D NativeClass:/Script/Landscape.LandscapeStreamingProxy Name:LandscapeStreamingProxy_46R9UO545JJ5QR5QG6H4PBNUS_126_3_1_0 Label:LandscapeStreamingProxy_3_1_0 SpatiallyLoaded:true EditorBounds:IsValid=true, Min=(X=12600.000 Y=-12600.000 Z=-100.000), Max=(X=25200.000 Y=0.000 Z=100.000) RuntimeBounds:IsValid=true, Min=(X=12600.000 Y=-12600.000 Z=-100.000), Max=(X=25200.000 Y=0.000 Z=100.000) RuntimeGrid:None EditorOnly:false RuntimeOnly:false HLODRelevant:true ListedInSceneOutliner:true IsMainWorldOnly:false
 |   |   |- [+] [  5]
 |   |   |   |- Guid:4600E7954EB04F3C8909FBB13056CA3D NativeClass:/Script/Engine.VolumetricCloud Name:VolumetricCloud_UAID_74D4DD6361FCEEFD02_1292789555 Label:VolumetricCloud SpatiallyLoaded:false EditorBounds:IsValid=true, Min=(X=-128.000 Y=-128.000 Z=-128.000), Max=(X=128.000 Y=128.000 Z=128.000) RuntimeBounds:IsValid=true, Min=(X=0.000 Y=0.000 Z=0.000), Max=(X=0.000 Y=0.000 Z=0.000) RuntimeGrid:None EditorOnly:false RuntimeOnly:false HLODRelevant:false ListedInSceneOutliner:true IsMainWorldOnly:false
 |   |   |- [+] [  6]
 |   |   |   |- Guid:46EF7C05412F5BF026A8F6878D785B87 NativeClass:/Script/Engine.SkyLight Name:SkyLight_UAID_74D4DD6361FCEEFD02_1292050552 Label:SkyLight SpatiallyLoaded:false EditorBounds:IsValid=true, Min=(X=-1.000 Y=-1.000 Z=-1.000), Max=(X=1.000 Y=1.000 Z=1.000) RuntimeBounds:IsValid=true, Min=(X=0.000 Y=0.000 Z=0.000), Max=(X=0.000 Y=0.000 Z=0.000) RuntimeGrid:None EditorOnly:false RuntimeOnly:false HLODRelevant:false ListedInSceneOutliner:true IsMainWorldOnly:false
 |   |   |- [+] [  7]
 |   |   |   |- Guid:4F682E9A462244E000A1369598806C9F NativeClass:/Script/Landscape.LandscapeStreamingProxy Name:LandscapeStreamingProxy_46R9UO545JJ5QR5QG6H4PBNUS_126_2_0_0 Label:LandscapeStreamingProxy_2_0_0 SpatiallyLoaded:true EditorBounds:IsValid=true, Min=(X=0.000 Y=-25200.000 Z=-100.000), Max=(X=12600.000 Y=-12600.000 Z=100.000) RuntimeBounds:IsValid=true, Min=(X=0.000 Y=-25200.000 Z=-100.000), Max=(X=12600.000 Y=-12600.000 Z=100.000) RuntimeGrid:None EditorOnly:false RuntimeOnly:false HLODRelevant:true ListedInSceneOutliner:true IsMainWorldOnly:false
 |   |   |- [+] [  8]
 |   |   |   |- Guid:5A295D99473C71F67FE5DE97683A6E19 NativeClass:/Script/Landscape.LandscapeStreamingProxy Name:LandscapeStreamingProxy_46R9UO545JJ5QR5QG6H4PBNUS_126_0_1_0 Label:LandscapeStreamingProxy_0_1_0 SpatiallyLoaded:true EditorBounds:IsValid=true, Min=(X=-25200.000 Y=-12600.000 Z=-100.000), Max=(X=-12600.000 Y=0.000 Z=100.000) RuntimeBounds:IsValid=true, Min=(X=-25200.000 Y=-12600.000 Z=-100.000), Max=(X=-12600.000 Y=0.000 Z=100.000) RuntimeGrid:None EditorOnly:false RuntimeOnly:false HLODRelevant:true ListedInSceneOutliner:true IsMainWorldOnly:false
 |   |   |- [+] [  9]
 |   |   |   |- Guid:603061374E4FFBF3FCF9D9B72803083F NativeClass:/Script/Landscape.LandscapeStreamingProxy Name:LandscapeStreamingProxy_46R9UO545JJ5QR5QG6H4PBNUS_126_1_2_0 Label:LandscapeStreamingProxy_1_2_0 SpatiallyLoaded:true EditorBounds:IsValid=true, Min=(X=-12600.000 Y=0.000 Z=-100.000), Max=(X=0.000 Y=12600.000 Z=100.000) RuntimeBounds:IsValid=true, Min=(X=-12600.000 Y=0.000 Z=-100.000), Max=(X=0.000 Y=12600.000 Z=100.000) RuntimeGrid:None EditorOnly:false RuntimeOnly:false HLODRelevant:true ListedInSceneOutliner:true IsMainWorldOnly:false
 |   |   |- [+] [ 10]
 |   |   |   |- Guid:632115FD484EC0452C1CBAA150FB8566 NativeClass:/Script/Landscape.LandscapeStreamingProxy Name:LandscapeStreamingProxy_46R9UO545JJ5QR5QG6H4PBNUS_126_0_0_0 Label:LandscapeStreamingProxy_0_0_0 SpatiallyLoaded:true EditorBounds:IsValid=true, Min=(X=-25200.000 Y=-25200.000 Z=-100.000), Max=(X=-12600.000 Y=-12600.000 Z=100.000) RuntimeBounds:IsValid=true, Min=(X=-25200.000 Y=-25200.000 Z=-100.000), Max=(X=-12600.000 Y=-12600.000 Z=100.000) RuntimeGrid:None EditorOnly:false RuntimeOnly:false HLODRelevant:true ListedInSceneOutliner:true IsMainWorldOnly:false
 |   |   |- [+] [ 11]
 |   |   |   |- Guid:6AEA6A064290A3C51E5CF0B48EC750B9 NativeClass:/Script/Engine.WorldDataLayers Name:WorldDataLayers Label:WorldDataLayers SpatiallyLoaded:false EditorBounds:IsValid=false, Min=(X=0.000 Y=0.000 Z=0.000), Max=(X=0.000 Y=0.000 Z=0.000) RuntimeBounds:IsValid=false, Min=(X=0.000 Y=0.000 Z=0.000), Max=(X=0.000 Y=0.000 Z=0.000) RuntimeGrid:None EditorOnly:false RuntimeOnly:false HLODRelevant:false ListedInSceneOutliner:true IsMainWorldOnly:true
 |   |   |- [+] [ 12]
 |   |   |   |- Guid:8055C2F847CD13B5A3B37BBFD44D1150 NativeClass:/Script/Landscape.LandscapeStreamingProxy Name:LandscapeStreamingProxy_46R9UO545JJ5QR5QG6H4PBNUS_126_3_3_0 Label:LandscapeStreamingProxy_3_3_0 SpatiallyLoaded:true EditorBounds:IsValid=true, Min=(X=12600.000 Y=12600.000 Z=-100.000), Max=(X=25200.000 Y=25200.000 Z=100.000) RuntimeBounds:IsValid=true, Min=(X=12600.000 Y=12600.000 Z=-100.000), Max=(X=25200.000 Y=25200.000 Z=100.000) RuntimeGrid:None EditorOnly:false RuntimeOnly:false HLODRelevant:true ListedInSceneOutliner:true IsMainWorldOnly:false
 |   |   |- [+] [ 13]
 |   |   |   |- Guid:849BD7A9492279DC4BE3C6853A57CB03 NativeClass:/Script/Engine.SkyAtmosphere Name:SkyAtmosphere_UAID_74D4DD6361FCEEFD02_1292621554 Label:SkyAtmosphere SpatiallyLoaded:false EditorBounds:IsValid=true, Min=(X=-128.000 Y=-128.000 Z=-128.000), Max=(X=240.000 Y=128.000 Z=128.000) RuntimeBounds:IsValid=true, Min=(X=0.000 Y=0.000 Z=0.000), Max=(X=0.000 Y=0.000 Z=0.000) RuntimeGrid:None EditorOnly:false RuntimeOnly:false HLODRelevant:false ListedInSceneOutliner:true IsMainWorldOnly:false
 |   |   |- [+] [ 14]
 |   |   |   |- Guid:870E883A4D2445FA5A2880B800111DFF NativeClass:/Script/Engine.ExponentialHeightFog Name:ExponentialHeightFog_UAID_74D4DD6361FCEEFD02_1292969556 Label:ExponentialHeightFog SpatiallyLoaded:false EditorBounds:IsValid=true, Min=(X=-128.000 Y=-128.000 Z=-128.000), Max=(X=128.000 Y=128.000 Z=128.000) RuntimeBounds:IsValid=true, Min=(X=0.000 Y=0.000 Z=0.000), Max=(X=0.000 Y=0.000 Z=0.000) RuntimeGrid:None EditorOnly:false RuntimeOnly:false HLODRelevant:false ListedInSceneOutliner:true IsMainWorldOnly:false
 |   |   |- [+] [ 15]
 |   |   |   |- Guid:AFCB1A8249413A701546BFA1643DB682 NativeClass:/Script/Landscape.Landscape Name:Landscape_UAID_74D4DD6361FCEEFD02_1338313557 Label:Landscape SpatiallyLoaded:false EditorBounds:IsValid=true, Min=(X=-25200.000 Y=-25200.000 Z=0.000), Max=(X=-25200.000 Y=-25200.000 Z=0.000) RuntimeBounds:IsValid=true, Min=(X=-25200.000 Y=-25200.000 Z=0.000), Max=(X=-25200.000 Y=-25200.000 Z=0.000) RuntimeGrid:None EditorOnly:false RuntimeOnly:false HLODRelevant:false ListedInSceneOutliner:true IsMainWorldOnly:false
 |   |   |- [+] [ 16]
 |   |   |   |- Guid:C6A1ECF64A716B76468EA9AF066A3FAE NativeClass:/Script/Landscape.LandscapeStreamingProxy Name:LandscapeStreamingProxy_46R9UO545JJ5QR5QG6H4PBNUS_126_2_2_0 Label:LandscapeStreamingProxy_2_2_0 SpatiallyLoaded:true EditorBounds:IsValid=true, Min=(X=0.000 Y=0.000 Z=-100.000), Max=(X=12600.000 Y=12600.000 Z=100.000) RuntimeBounds:IsValid=true, Min=(X=0.000 Y=0.000 Z=-100.000), Max=(X=12600.000 Y=12600.000 Z=100.000) RuntimeGrid:None EditorOnly:false RuntimeOnly:false HLODRelevant:true ListedInSceneOutliner:true IsMainWorldOnly:false
 |   |   |- [+] [ 17]
 |   |   |   |- Guid:C775FDE041CB06BEABCDA3AC7F6B2C01 NativeClass:/Script/Landscape.LandscapeStreamingProxy Name:LandscapeStreamingProxy_46R9UO545JJ5QR5QG6H4PBNUS_126_2_3_0 Label:LandscapeStreamingProxy_2_3_0 SpatiallyLoaded:true EditorBounds:IsValid=true, Min=(X=0.000 Y=12600.000 Z=-100.000), Max=(X=12600.000 Y=25200.000 Z=100.000) RuntimeBounds:IsValid=true, Min=(X=0.000 Y=12600.000 Z=-100.000), Max=(X=12600.000 Y=25200.000 Z=100.000) RuntimeGrid:None EditorOnly:false RuntimeOnly:false HLODRelevant:true ListedInSceneOutliner:true IsMainWorldOnly:false
 |   |   |- [+] [ 18]
 |   |   |   |- Guid:D92C9CC84681256DADEC67A8E7D3E9CC NativeClass:/Script/Landscape.LandscapeStreamingProxy Name:LandscapeStreamingProxy_46R9UO545JJ5QR5QG6H4PBNUS_126_3_2_0 Label:LandscapeStreamingProxy_3_2_0 SpatiallyLoaded:true EditorBounds:IsValid=true, Min=(X=12600.000 Y=0.000 Z=-100.000), Max=(X=25200.000 Y=12600.000 Z=100.000) RuntimeBounds:IsValid=true, Min=(X=12600.000 Y=0.000 Z=-100.000), Max=(X=25200.000 Y=12600.000 Z=100.000) RuntimeGrid:None EditorOnly:false RuntimeOnly:false HLODRelevant:true ListedInSceneOutliner:true IsMainWorldOnly:false
 |   |   |- [+] [ 19]
 |   |   |   |- Guid:DF7272764350C4300BAD669C3EA50776 NativeClass:/Script/Landscape.LandscapeStreamingProxy Name:LandscapeStreamingProxy_46R9UO545JJ5QR5QG6H4PBNUS_126_1_3_0 Label:LandscapeStreamingProxy_1_3_0 SpatiallyLoaded:true EditorBounds:IsValid=true, Min=(X=-12600.000 Y=12600.000 Z=-100.000), Max=(X=0.000 Y=25200.000 Z=100.000) RuntimeBounds:IsValid=true, Min=(X=-12600.000 Y=12600.000 Z=-100.000), Max=(X=0.000 Y=25200.000 Z=100.000) RuntimeGrid:None EditorOnly:false RuntimeOnly:false HLODRelevant:true ListedInSceneOutliner:true IsMainWorldOnly:false
 |   |   |- [+] [ 20]
 |   |   |   |- Guid:DFB965044FC7E7915F7B85B357D1C596 NativeClass:/Script/Landscape.LandscapeStreamingProxy Name:LandscapeStreamingProxy_46R9UO545JJ5QR5QG6H4PBNUS_126_0_2_0 Label:LandscapeStreamingProxy_0_2_0 SpatiallyLoaded:true EditorBounds:IsValid=true, Min=(X=-25200.000 Y=0.000 Z=-100.000), Max=(X=-12600.000 Y=12600.000 Z=100.000) RuntimeBounds:IsValid=true, Min=(X=-25200.000 Y=0.000 Z=-100.000), Max=(X=-12600.000 Y=12600.000 Z=100.000) RuntimeGrid:None EditorOnly:false RuntimeOnly:false HLODRelevant:true ListedInSceneOutliner:true IsMainWorldOnly:false
 |   |   |- [+] [ 21]
 |   |   |   |- Guid:E11F4A414FAEACCA37A36791B4694BD6 NativeClass:/Script/Landscape.LandscapeStreamingProxy Name:LandscapeStreamingProxy_46R9UO545JJ5QR5QG6H4PBNUS_126_1_0_0 Label:LandscapeStreamingProxy_1_0_0 SpatiallyLoaded:true EditorBounds:IsValid=true, Min=(X=-12600.000 Y=-25200.000 Z=-100.000), Max=(X=0.000 Y=-12600.000 Z=100.000) RuntimeBounds:IsValid=true, Min=(X=-12600.000 Y=-25200.000 Z=-100.000), Max=(X=0.000 Y=-12600.000 Z=100.000) RuntimeGrid:None EditorOnly:false RuntimeOnly:false HLODRelevant:true ListedInSceneOutliner:true IsMainWorldOnly:false
 |   |   |- [+] [ 22]
 |   |   |   |- Guid:E360260D495BD629F5EC318C637AC1A8 NativeClass:/Script/Engine.DirectionalLight Name:DirectionalLight_UAID_74D4DD6361FCEEFD02_1292301553 Label:DirectionalLight SpatiallyLoaded:false EditorBounds:IsValid=false, Min=(X=0.000 Y=0.000 Z=0.000), Max=(X=0.000 Y=0.000 Z=0.000) RuntimeBounds:IsValid=false, Min=(X=0.000 Y=0.000 Z=0.000), Max=(X=0.000 Y=0.000 Z=0.000) RuntimeGrid:None EditorOnly:false RuntimeOnly:false HLODRelevant:false ListedInSceneOutliner:true IsMainWorldOnly:false
 |   |   |- [+] [ 23]
 |   |   |   |- Guid:F2D2AC4840369C943D17DA84E71D047A NativeClass:/Script/Landscape.LandscapeStreamingProxy Name:LandscapeStreamingProxy_46R9UO545JJ5QR5QG6H4PBNUS_126_2_1_0 Label:LandscapeStreamingProxy_2_1_0 SpatiallyLoaded:true EditorBounds:IsValid=true, Min=(X=0.000 Y=-12600.000 Z=-100.000), Max=(X=12600.000 Y=0.000 Z=100.000) RuntimeBounds:IsValid=true, Min=(X=0.000 Y=-12600.000 Z=-100.000), Max=(X=12600.000 Y=0.000 Z=100.000) RuntimeGrid:None EditorOnly:false RuntimeOnly:false HLODRelevant:true ListedInSceneOutliner:true IsMainWorldOnly:false
 |- ContainerInstances:
 |- [+] MainContainer:
 |   |-        ID: 00000000000000000000000000000000
 |   |-  ParentID: 00000000000000000000000000000000
 |   |-    Bounds: IsValid=true, Min=(X=-25200.000 Y=-25200.000 Z=-100.000), Max=(X=25200.000 Y=25200.000 Z=672.055)
 |   |- Transform: 0.000000,0.000000,0.000000|0.000000,0.000000,-0.000000|1.000000,1.000000,1.000000
 |   |- Container: /Game/saves/level_Blockout
----------------------------------------------------------------------------------------------------------------
level_Blockout - Persistent Level
----------------------------------------------------------------------------------------------------------------
[+] Content of level_Blockout Persistent Level
 |- Always loaded Actor Count: 7 
 |- Actor Path: /Game/saves/level_Blockout.level_Blockout:PersistentLevel.DirectionalLight_UAID_74D4DD6361FCEEFD02_1292301553
 |- Actor Package: /Game/__ExternalActors__/saves/level_Blockout/6/3U/3Y9VGI99W634RE2XRAXCHF
 |- Actor Path: /Game/saves/level_Blockout.level_Blockout:PersistentLevel.ExponentialHeightFog_UAID_74D4DD6361FCEEFD02_1292969556
 |- Actor Package: /Game/__ExternalActors__/saves/level_Blockout/2/MR/NOZNWN1CF2OBBNT7TPP7HP
 |- Actor Path: /Game/saves/level_Blockout.level_Blockout:PersistentLevel.Landscape_UAID_74D4DD6361FCEEFD02_1338313557
 |- Actor Package: /Game/__ExternalActors__/saves/level_Blockout/E/4C/Y9CNG5SGJHH3RBGN4IN0HJ
 |- Actor Path: /Game/saves/level_Blockout.level_Blockout:PersistentLevel.SkyAtmosphere_UAID_74D4DD6361FCEEFD02_1292621554
 |- Actor Package: /Game/__ExternalActors__/saves/level_Blockout/7/AZ/LQ1NRZXXVXP91AUIQWY6L0
 |- Actor Path: /Game/saves/level_Blockout.level_Blockout:PersistentLevel.SkyLight_UAID_74D4DD6361FCEEFD02_1292050552
 |- Actor Package: /Game/__ExternalActors__/saves/level_Blockout/2/LN/UF91E5QSN1ANZYCVLDADQF
 |- Actor Path: /Game/saves/level_Blockout.level_Blockout:PersistentLevel.VolumetricCloud_UAID_74D4DD6361FCEEFD02_1292789555
 |- Actor Package: /Game/__ExternalActors__/saves/level_Blockout/8/GF/F60Y3T99D4DD39TOFPMO1S
 |- Actor Path: /Game/saves/level_Blockout.level_Blockout:PersistentLevel.WorldDataLayers
 |- Actor Package: /Game/__ExternalActors__/saves/level_Blockout/9/S9/UV84UY40AZ4AE5U2NDBO54

----------------------------------------------------------------------------------------------------------------
level_Blockout - Runtime Hash Set
----------------------------------------------------------------------------------------------------------------
[+] Content of Cell level_Blockout_MainPartition_L0_X-1_Y0 (07ENYRBHPDC9YJXE0QBAHOKGD)
 |- Actor Count: 1
 |- Content Bounds: IsValid=true, Min=(X=-12600.000 Y=0.000 Z=-0.000), Max=(X=0.000 Y=12600.000 Z=0.000)
 |- Cell Bounds: IsValid=true, Min=(X=-12800.000 Y=0.000 Z=0.000), Max=(X=0.000 Y=12800.000 Z=0.000)
 |- Is 2D: True
 |- [+] /Game/saves/level_Blockout.level_Blockout:PersistentLevel.LandscapeStreamingProxy_46R9UO545JJ5QR5QG6H4PBNUS_126_1_2_0
 |   |-         Package: /Game/__ExternalActors__/saves/level_Blockout/7/CA/HKP09RXL6KRKCH9TQ2KPJT
 |   |-     Editor Only: 0
 |   |-   Instance Guid: 603061374E4FFBF3FCF9D9B72803083F
 |   |- [+] Container:
 |   |   |-        ID: 00000000000000000000000000000000
 |   |   |- Transform: 0.000000,0.000000,0.000000|0.000000,0.000000,-0.000000|1.000000,1.000000,1.000000
[+] Content of Cell level_Blockout_MainPartition_L0_X-1_Y-2 (0K3A1WZO5ODM4XPVLA96E12G9)
 |- Actor Count: 1
 |- Content Bounds: IsValid=true, Min=(X=-12600.000 Y=-25200.000 Z=-0.000), Max=(X=0.000 Y=-12800.000 Z=0.000)
 |- Cell Bounds: IsValid=true, Min=(X=-12800.000 Y=-25600.000 Z=0.000), Max=(X=0.000 Y=-12800.000 Z=0.000)
 |- Is 2D: True
 |- [+] /Game/saves/level_Blockout.level_Blockout:PersistentLevel.LandscapeStreamingProxy_46R9UO545JJ5QR5QG6H4PBNUS_126_1_0_0
 |   |-         Package: /Game/__ExternalActors__/saves/level_Blockout/8/DF/0IPSUJPIQBQE6UQJKVS743
 |   |-     Editor Only: 0
 |   |-   Instance Guid: E11F4A414FAEACCA37A36791B4694BD6
 |   |- [+] Container:
 |   |   |-        ID: 00000000000000000000000000000000
 |   |   |- Transform: 0.000000,0.000000,0.000000|0.000000,0.000000,-0.000000|1.000000,1.000000,1.000000
[+] Content of Cell level_Blockout_MainPartition_L0_X0_Y-1 (1FHR77HAKGEDI7R72BISM0NYR)
 |- Actor Count: 1
 |- Content Bounds: IsValid=true, Min=(X=0.000 Y=-12600.000 Z=-0.000), Max=(X=12600.000 Y=0.000 Z=0.000)
 |- Cell Bounds: IsValid=true, Min=(X=0.000 Y=-12800.000 Z=0.000), Max=(X=12800.000 Y=0.000 Z=0.000)
 |- Is 2D: True
 |- [+] /Game/saves/level_Blockout.level_Blockout:PersistentLevel.LandscapeStreamingProxy_46R9UO545JJ5QR5QG6H4PBNUS_126_2_1_0
 |   |-         Package: /Game/__ExternalActors__/saves/level_Blockout/9/ON/JJLPNRC2R9URJUDQXLYQ4Z
 |   |-     Editor Only: 0
 |   |-   Instance Guid: F2D2AC4840369C943D17DA84E71D047A
 |   |- [+] Container:
 |   |   |-        ID: 00000000000000000000000000000000
 |   |   |- Transform: 0.000000,0.000000,0.000000|0.000000,0.000000,-0.000000|1.000000,1.000000,1.000000
[+] Content of Cell level_Blockout_MainPartition_L0_X-1_Y-1 (229R6IKLFPXQGYC97PBAATH4O)
 |- Actor Count: 1
 |- Content Bounds: IsValid=true, Min=(X=-12600.000 Y=-12600.000 Z=-0.000), Max=(X=0.000 Y=0.000 Z=0.000)
 |- Cell Bounds: IsValid=true, Min=(X=-12800.000 Y=-12800.000 Z=0.000), Max=(X=0.000 Y=0.000 Z=0.000)
 |- Is 2D: True
 |- [+] /Game/saves/level_Blockout.level_Blockout:PersistentLevel.LandscapeStreamingProxy_46R9UO545JJ5QR5QG6H4PBNUS_126_1_1_0
 |   |-         Package: /Game/__ExternalActors__/saves/level_Blockout/1/IN/4B0ZKAMQO4NU6B3FLRVZG5
 |   |-     Editor Only: 0
 |   |-   Instance Guid: 2F3B8DCA4CF3681BF86FB5995885CFB4
 |   |- [+] Container:
 |   |   |-        ID: 00000000000000000000000000000000
 |   |   |- Transform: 0.000000,0.000000,0.000000|0.000000,0.000000,-0.000000|1.000000,1.000000,1.000000
[+] Content of Cell level_Blockout_MainPartition_L0_X1_Y-2 (4XBVNSQ9G8V98GP4DHAPIIBHW)
 |- Actor Count: 1
 |- Content Bounds: IsValid=true, Min=(X=12800.000 Y=-25200.000 Z=-0.000), Max=(X=25200.000 Y=-12800.000 Z=0.000)
 |- Cell Bounds: IsValid=true, Min=(X=12800.000 Y=-25600.000 Z=0.000), Max=(X=25600.000 Y=-12800.000 Z=0.000)
 |- Is 2D: True
 |- [+] /Game/saves/level_Blockout.level_Blockout:PersistentLevel.LandscapeStreamingProxy_46R9UO545JJ5QR5QG6H4PBNUS_126_3_0_0
 |   |-         Package: /Game/__ExternalActors__/saves/level_Blockout/1/14/40NF1A81QT7QKSMRED1VHL
 |   |-     Editor Only: 0
 |   |-   Instance Guid: 05D4328D428C166D05C0AE928977DD17
 |   |- [+] Container:
 |   |   |-        ID: 00000000000000000000000000000000
 |   |   |- Transform: 0.000000,0.000000,0.000000|0.000000,0.000000,-0.000000|1.000000,1.000000,1.000000
[+] Content of Cell level_Blockout_MainPartition_L0_X0_Y1 (54FPL3IQC5BTFZV6YTKV77HDS)
 |- Actor Count: 1
 |- Content Bounds: IsValid=true, Min=(X=0.000 Y=12800.000 Z=-0.000), Max=(X=12600.000 Y=25200.000 Z=0.000)
 |- Cell Bounds: IsValid=true, Min=(X=0.000 Y=12800.000 Z=0.000), Max=(X=12800.000 Y=25600.000 Z=0.000)
 |- Is 2D: True
 |- [+] /Game/saves/level_Blockout.level_Blockout:PersistentLevel.LandscapeStreamingProxy_46R9UO545JJ5QR5QG6H4PBNUS_126_2_3_0
 |   |-         Package: /Game/__ExternalActors__/saves/level_Blockout/4/ED/WH0G5OIA2XOM14HTPB4V2Z
 |   |-     Editor Only: 0
 |   |-   Instance Guid: C775FDE041CB06BEABCDA3AC7F6B2C01
 |   |- [+] Container:
 |   |   |-        ID: 00000000000000000000000000000000
 |   |   |- Transform: 0.000000,0.000000,0.000000|0.000000,0.000000,-0.000000|1.000000,1.000000,1.000000
[+] Content of Cell level_Blockout_MainPartition_L0_X0_Y-2 (5EX5SPZRZJWUQVYVXQP1VT0HD)
 |- Actor Count: 1
 |- Content Bounds: IsValid=true, Min=(X=0.000 Y=-25200.000 Z=-0.000), Max=(X=12600.000 Y=-12800.000 Z=0.000)
 |- Cell Bounds: IsValid=true, Min=(X=0.000 Y=-25600.000 Z=0.000), Max=(X=12800.000 Y=-12800.000 Z=0.000)
 |- Is 2D: True
 |- [+] /Game/saves/level_Blockout.level_Blockout:PersistentLevel.LandscapeStreamingProxy_46R9UO545JJ5QR5QG6H4PBNUS_126_2_0_0
 |   |-         Package: /Game/__ExternalActors__/saves/level_Blockout/D/LI/PH2J2QW7V4FEW49QIVWUDS
 |   |-     Editor Only: 0
 |   |-   Instance Guid: 4F682E9A462244E000A1369598806C9F
 |   |- [+] Container:
 |   |   |-        ID: 00000000000000000000000000000000
 |   |   |- Transform: 0.000000,0.000000,0.000000|0.000000,0.000000,-0.000000|1.000000,1.000000,1.000000
[+] Content of Cell level_Blockout_MainPartition_L0_X-2_Y1 (8Y06II0915Z207KHXXGRBC9QH)
 |- Actor Count: 1
 |- Content Bounds: IsValid=true, Min=(X=-25200.000 Y=12800.000 Z=-0.000), Max=(X=-12800.000 Y=25200.000 Z=0.000)
 |- Cell Bounds: IsValid=true, Min=(X=-25600.000 Y=12800.000 Z=0.000), Max=(X=-12800.000 Y=25600.000 Z=0.000)
 |- Is 2D: True
 |- [+] /Game/saves/level_Blockout.level_Blockout:PersistentLevel.LandscapeStreamingProxy_46R9UO545JJ5QR5QG6H4PBNUS_126_0_3_0
 |   |-         Package: /Game/__ExternalActors__/saves/level_Blockout/4/48/RCSNLD2L6KDAK0XDRVGXRW
 |   |-     Editor Only: 0
 |   |-   Instance Guid: 1FC95E9D4A7CD2624A79FFAFB71B4D27
 |   |- [+] Container:
 |   |   |-        ID: 00000000000000000000000000000000
 |   |   |- Transform: 0.000000,0.000000,0.000000|0.000000,0.000000,-0.000000|1.000000,1.000000,1.000000
[+] Content of Cell level_Blockout_MainPartition_L0_X1_Y0 (93RTOBG15ODENR299U9BNSY23)
 |- Actor Count: 1
 |- Content Bounds: IsValid=true, Min=(X=12800.000 Y=0.000 Z=-0.000), Max=(X=25200.000 Y=12600.000 Z=0.000)
 |- Cell Bounds: IsValid=true, Min=(X=12800.000 Y=0.000 Z=0.000), Max=(X=25600.000 Y=12800.000 Z=0.000)
 |- Is 2D: True
 |- [+] /Game/saves/level_Blockout.level_Blockout:PersistentLevel.LandscapeStreamingProxy_46R9UO545JJ5QR5QG6H4PBNUS_126_3_2_0
 |   |-         Package: /Game/__ExternalActors__/saves/level_Blockout/0/TL/MTU4F5A9CRNQ0BDCQT36KR
 |   |-     Editor Only: 0
 |   |-   Instance Guid: D92C9CC84681256DADEC67A8E7D3E9CC
 |   |- [+] Container:
 |   |   |-        ID: 00000000000000000000000000000000
 |   |   |- Transform: 0.000000,0.000000,0.000000|0.000000,0.000000,-0.000000|1.000000,1.000000,1.000000
[+] Content of Cell level_Blockout_MainPartition_L0_X-2_Y-1 (9SIEB96OS7DUWEE4NHWK585VX)
 |- Actor Count: 1
 |- Content Bounds: IsValid=true, Min=(X=-25200.000 Y=-12600.000 Z=-0.000), Max=(X=-12800.000 Y=0.000 Z=0.000)
 |- Cell Bounds: IsValid=true, Min=(X=-25600.000 Y=-12800.000 Z=0.000), Max=(X=-12800.000 Y=0.000 Z=0.000)
 |- Is 2D: True
 |- [+] /Game/saves/level_Blockout.level_Blockout:PersistentLevel.LandscapeStreamingProxy_46R9UO545JJ5QR5QG6H4PBNUS_126_0_1_0
 |   |-         Package: /Game/__ExternalActors__/saves/level_Blockout/5/KR/66FV6U6GQPWAIZVG2Z7ZCD
 |   |-     Editor Only: 0
 |   |-   Instance Guid: 5A295D99473C71F67FE5DE97683A6E19
 |   |- [+] Container:
 |   |   |-        ID: 00000000000000000000000000000000
 |   |   |- Transform: 0.000000,0.000000,0.000000|0.000000,0.000000,-0.000000|1.000000,1.000000,1.000000
[+] Content of Cell level_Blockout_MainPartition_L0_X1_Y1 (AQJ1B9K38Y2FH7ADPNDP10XM8)
 |- Actor Count: 1
 |- Content Bounds: IsValid=true, Min=(X=12800.000 Y=12800.000 Z=-0.000), Max=(X=25200.000 Y=25200.000 Z=0.000)
 |- Cell Bounds: IsValid=true, Min=(X=12800.000 Y=12800.000 Z=0.000), Max=(X=25600.000 Y=25600.000 Z=0.000)
 |- Is 2D: True
 |- [+] /Game/saves/level_Blockout.level_Blockout:PersistentLevel.LandscapeStreamingProxy_46R9UO545JJ5QR5QG6H4PBNUS_126_3_3_0
 |   |-         Package: /Game/__ExternalActors__/saves/level_Blockout/7/ZJ/SHJRG23QIKLC54SLGIAGOO
 |   |-     Editor Only: 0
 |   |-   Instance Guid: 8055C2F847CD13B5A3B37BBFD44D1150
 |   |- [+] Container:
 |   |   |-        ID: 00000000000000000000000000000000
 |   |   |- Transform: 0.000000,0.000000,0.000000|0.000000,0.000000,-0.000000|1.000000,1.000000,1.000000
[+] Content of Cell level_Blockout_MainPartition_L0_X0_Y0 (BYOKAU50Y2BPSLNHRE4WJY6MI)
 |- Actor Count: 2
 |- Content Bounds: IsValid=true, Min=(X=0.000 Y=0.000 Z=-0.000), Max=(X=12600.000 Y=12600.000 Z=0.000)
 |- Cell Bounds: IsValid=true, Min=(X=0.000 Y=0.000 Z=0.000), Max=(X=12800.000 Y=12800.000 Z=0.000)
 |- Is 2D: True
 |- [+] /Game/saves/level_Blockout.level_Blockout:PersistentLevel.StaticMeshActor_UAID_74D4DD6361FCF2FD02_1611989262
 |   |-         Package: /Game/__ExternalActors__/saves/level_Blockout/7/09/0Y08YK0CV35RDDDFW31MQB
 |   |-     Editor Only: 0
 |   |-   Instance Guid: 3037186D4B12F7B05083B8B9852AA5FB
 |   |- [+] Container:
 |   |   |-        ID: 00000000000000000000000000000000
 |   |   |- Transform: 0.000000,0.000000,0.000000|0.000000,0.000000,-0.000000|1.000000,1.000000,1.000000
 |- [+] /Game/saves/level_Blockout.level_Blockout:PersistentLevel.LandscapeStreamingProxy_46R9UO545JJ5QR5QG6H4PBNUS_126_2_2_0
 |   |-         Package: /Game/__ExternalActors__/saves/level_Blockout/E/1B/PUUSYEFUAMWL6M5EZAY5IL
 |   |-     Editor Only: 0
 |   |-   Instance Guid: C6A1ECF64A716B76468EA9AF066A3FAE
 |   |- [+] Container:
 |   |   |-        ID: 00000000000000000000000000000000
 |   |   |- Transform: 0.000000,0.000000,0.000000|0.000000,0.000000,-0.000000|1.000000,1.000000,1.000000
[+] Content of Cell level_Blockout_MainPartition_L0_X-2_Y0 (D8C3YCWGLS0LSBRBNUT6YA8QA)
 |- Actor Count: 1
 |- Content Bounds: IsValid=true, Min=(X=-25200.000 Y=0.000 Z=-0.000), Max=(X=-12800.000 Y=12600.000 Z=0.000)
 |- Cell Bounds: IsValid=true, Min=(X=-25600.000 Y=0.000 Z=0.000), Max=(X=-12800.000 Y=12800.000 Z=0.000)
 |- Is 2D: True
 |- [+] /Game/saves/level_Blockout.level_Blockout:PersistentLevel.LandscapeStreamingProxy_46R9UO545JJ5QR5QG6H4PBNUS_126_0_2_0
 |   |-         Package: /Game/__ExternalActors__/saves/level_Blockout/E/3C/F7S344BAU89K1HN7W6BQA8
 |   |-     Editor Only: 0
 |   |-   Instance Guid: DFB965044FC7E7915F7B85B357D1C596
 |   |- [+] Container:
 |   |   |-        ID: 00000000000000000000000000000000
 |   |   |- Transform: 0.000000,0.000000,0.000000|0.000000,0.000000,-0.000000|1.000000,1.000000,1.000000
[+] Content of Cell level_Blockout_MainPartition_L0_X1_Y-1 (DTWX7G6PQPSTDRJ31ZROLWOJB)
 |- Actor Count: 1
 |- Content Bounds: IsValid=true, Min=(X=12800.000 Y=-12600.000 Z=-0.000), Max=(X=25200.000 Y=0.000 Z=0.000)
 |- Cell Bounds: IsValid=true, Min=(X=12800.000 Y=-12800.000 Z=0.000), Max=(X=25600.000 Y=0.000 Z=0.000)
 |- Is 2D: True
 |- [+] /Game/saves/level_Blockout.level_Blockout:PersistentLevel.LandscapeStreamingProxy_46R9UO545JJ5QR5QG6H4PBNUS_126_3_1_0
 |   |-         Package: /Game/__ExternalActors__/saves/level_Blockout/B/2F/WC2ZJ1D1SJ2ODPN7AK5VHM
 |   |-     Editor Only: 0
 |   |-   Instance Guid: 423FFE74438CAB93E25B1C9AF46E379D
 |   |- [+] Container:
 |   |   |-        ID: 00000000000000000000000000000000
 |   |   |- Transform: 0.000000,0.000000,0.000000|0.000000,0.000000,-0.000000|1.000000,1.000000,1.000000
[+] Content of Cell level_Blockout_MainPartition_L0_X-1_Y1 (DVN4YQHJQSQO3PN41MROB7S5S)
 |- Actor Count: 1
 |- Content Bounds: IsValid=true, Min=(X=-12600.000 Y=12800.000 Z=-0.000), Max=(X=0.000 Y=25200.000 Z=0.000)
 |- Cell Bounds: IsValid=true, Min=(X=-12800.000 Y=12800.000 Z=0.000), Max=(X=0.000 Y=25600.000 Z=0.000)
 |- Is 2D: True
 |- [+] /Game/saves/level_Blockout.level_Blockout:PersistentLevel.LandscapeStreamingProxy_46R9UO545JJ5QR5QG6H4PBNUS_126_1_3_0
 |   |-         Package: /Game/__ExternalActors__/saves/level_Blockout/5/X8/IZ6V7I2GP48OA8P7AREIAD
 |   |-     Editor Only: 0
 |   |-   Instance Guid: DF7272764350C4300BAD669C3EA50776
 |   |- [+] Container:
 |   |   |-        ID: 00000000000000000000000000000000
 |   |   |- Transform: 0.000000,0.000000,0.000000|0.000000,0.000000,-0.000000|1.000000,1.000000,1.000000
[+] Content of Cell level_Blockout_MainPartition_L0_X-2_Y-2 (ER8J6O6S4PTHB01EJT0K8HWF1)
 |- Actor Count: 1
 |- Content Bounds: IsValid=true, Min=(X=-25200.000 Y=-25200.000 Z=-0.000), Max=(X=-12800.000 Y=-12800.000 Z=0.000)
 |- Cell Bounds: IsValid=true, Min=(X=-25600.000 Y=-25600.000 Z=0.000), Max=(X=-12800.000 Y=-12800.000 Z=0.000)
 |- Is 2D: True
 |- [+] /Game/saves/level_Blockout.level_Blockout:PersistentLevel.LandscapeStreamingProxy_46R9UO545JJ5QR5QG6H4PBNUS_126_0_0_0
 |   |-         Package: /Game/__ExternalActors__/saves/level_Blockout/A/3M/47O6VECE48D7XZ4E5IGEEL
 |   |-     Editor Only: 0
 |   |-   Instance Guid: 632115FD484EC0452C1CBAA150FB8566
 |   |- [+] Container:
 |   |   |-        ID: 00000000000000000000000000000000
 |   |   |- Transform: 0.000000,0.000000,0.000000|0.000000,0.000000,-0.000000|1.000000,1.000000,1.000000

